../Core/Src/main.cpp:77:6:void calculate_phase_shifts(double, double, double, int, double*)	56	static
../Core/Src/main.cpp:88:5:int main()	592	static
../Core/Src/main.cpp:222:6:void SystemClock_Config()	88	static
../Core/Src/main.cpp:268:13:void MX_SPI1_Init()	8	static
../Core/Src/main.cpp:306:13:void MX_SPI2_Init()	8	static
../Core/Src/main.cpp:344:13:void MX_USART3_UART_Init()	8	static
../Core/Src/main.cpp:377:13:void MX_USB_OTG_FS_PCD_Init()	8	static
../Core/Src/main.cpp:412:13:void MX_GPIO_Init()	64	static
../Core/Src/main.cpp:512:6:void Error_Handler()	4	static,ignoring_inline_asm
